// Jest Snapshot v1, https://goo.gl/fbAQLP

exports[`Signup.jsx should render Signup.jx 1`] = `ShallowWrapper {}`;
