// Jest Snapshot v1, https://goo.gl/fbAQLP

exports[`ContentLoader should render \`ContentLoader\` 1`] = `ReactWrapper {}`;
