// Jest Snapshot v1, https://goo.gl/fbAQLP

exports[`Feed Feed.jsx should render Feed.jsx 1`] = `ShallowWrapper {}`;
