// Jest Snapshot v1, https://goo.gl/fbAQLP

exports[`Header.jsx should render Header.jx 1`] = `ShallowWrapper {}`;
