// Jest Snapshot v1, https://goo.gl/fbAQLP

exports[`PostTextArea.jsx should render PostTextArea.jx 1`] = `ShallowWrapper {}`;

exports[`PostTextArea.jsx should render PostTextArea.jx 2`] = `ShallowWrapper {}`;
