// Jest Snapshot v1, https://goo.gl/fbAQLP

exports[`PostComments PostComments.jsx should render PostComments.jsx 1`] = `ShallowWrapper {}`;
