// Jest Snapshot v1, https://goo.gl/fbAQLP

exports[`Post.jsx should render Post.jx 1`] = `ShallowWrapper {}`;
