// Jest Snapshot v1, https://goo.gl/fbAQLP

exports[`Header.jsx should render SocialAuth.jx 1`] = `ReactWrapper {}`;
